con-ron: 1 inductive blocks modelled in-process: Lean.Syntax (30 generated records, checked by the fold as declarations and not counted as records of the file)
con-ron: parse done: 23705 fold records — 23697 declarations after the 8 built-in prelude records (8 stream copies of prelude records dropped) t=0.630s (parse 0.630s)
con-ron: install 0/23705 basis t=0.630s
con-ron: install 1000/23705 def _private.Init.Data.Nat.Basic.0.Nat.eq_zero_or_pos.match_1_1 t=1.098s
con-ron: install 2000/23705 thm or_imp t=3.184s
con-ron: install 3000/23705 def Lean.Omega.Coeffs.ofList t=3.265s
con-ron: install 4000/23705 thm neg_eq_iff_eq_neg t=3.305s
con-ron: install 5000/23705 thm Lean.Grind.CommRing.Expr.toPoly.match_1.congr_eq_4 t=3.436s
con-ron: install 6000/23705 thm _private.Init.Grind.Ordered.Linarith.0.Lean.Grind.Linarith.le_norm._simp_1_2 t=3.609s
con-ron: install 7000/23705 inductive MulHomClass t=3.751s
con-ron: install 8000/23705 thm compl_le_of_compl_le t=3.900s
con-ron: install 9000/23705 thm _private.Mathlib.Order.Filter.Basic.0.Filter.eventuallySubset_iff_inf_principal_le._simp_1_1 t=4.052s
con-ron: install 10000/23705 thm _private.Mathlib.Data.Set.Prod.0.Set.prod_image_image_eq._simp_1_1 t=4.229s
con-ron: install 11000/23705 def ContinuousMap.Homotopy.instFunLike t=4.434s
con-ron: install 12000/23705 thm SeminormedCommRing.toNonUnitalSeminormedCommRing._proof_10 t=4.626s
con-ron: install 13000/23705 def instLinearOrderNNRat._aux_13 t=4.849s
con-ron: install 14000/23705 thm tendstoIccClassNhds t=5.001s
con-ron: install 15000/23705 def AddSubmonoid.map t=5.142s
con-ron: install 16000/23705 thm SequentiallyComplete.seq_mem t=5.389s
con-ron: install 17000/23705 thm pow_le_pow_of_le_one t=5.571s
con-ron: install 18000/23705 thm Setoid.trans' t=5.994s
con-ron: install 19000/23705 thm Complex.ext_norm_arg t=6.246s
con-ron: install 20000/23705 thm Bundle.Trivialization.proj_symm_apply' t=6.566s
con-ron: install 21000/23705 thm _private.Mathlib.Analysis.SpecialFunctions.Trigonometric.Angle.0.Real.Angle.angle_eq_iff_two_pi_dvd_sub._simp_1_1 t=6.745s
con-ron: install 22000/23705 def CategoryTheory.Limits.span t=6.912s
con-ron: install 23000/23705 thm Real.dist_le_of_mem_Icc t=7.272s
con-ron: install done: 23705/23705 declarations installed, 22956 checks pending t=12.607s (install 11.977s)
con-ron: check 1000/22956 theorem left_inv_eq_right_inv t=12.675s
con-ron: check 2000/22956 theorem Nat.instSemiring._proof_6 t=12.771s
con-ron: check 3000/22956 theorem Lean.Omega.LinearCombo.sub_eval t=12.912s
con-ron: check 4000/22956 theorem Semiring.toGrindSemiring._proof_4 t=13.101s
con-ron: check 5000/22956 theorem Pi.instBooleanAlgebra._proof_2 t=13.348s
con-ron: check 6000/22956 definition List.count_erase._f t=13.540s
con-ron: check 7000/22956 theorem Int.greatestOfBdd._proof_2 t=13.787s
con-ron: check 8000/22956 theorem NNReal.instSemiring._proof_10 t=13.925s
con-ron: check 9000/22956 theorem _private.Mathlib.Topology.MetricSpace.Pseudo.Constructions.0.PseudoMetricSpace.induced._simp_2 t=14.080s
con-ron: check 10000/22956 definition _private.Mathlib.Basic.Complex.Basic.0.Complex.eta.match_1_1 t=14.313s
con-ron: check 11000/22956 theorem Path.extend._proof_1 t=14.533s
con-ron: check 12000/22956 theorem Std.not_lt_iff_not_le_or_ge t=14.949s
con-ron: check 13000/22956 theorem Nat.Internal.Linear.instBEqPolyCnstr.beq.eq_1 t=15.171s
con-ron: check 14000/22956 theorem CanonicallyOrderedAdd.toAddLeftMono t=15.390s
con-ron: check 15000/22956 theorem T4Space.toT1Space t=15.584s
con-ron: check 16000/22956 theorem Ultrafilter.le_of_le t=15.819s
con-ron: check 17000/22956 theorem isOpen_lt t=16.126s
con-ron: check 18000/22956 theorem IsOpenMap.id t=16.373s
con-ron: check 19000/22956 definition CellAttachment.homotopyEquivFundamentalGroup t=16.693s
con-ron: check 20000/22956 definition Setoid.ker t=17.011s
con-ron: check 21000/22956 theorem Pi.divInvMonoid._proof_1 t=17.240s
con-ron: check 22000/22956 theorem directed_snd._proof_1 t=17.649s
con-ron: check done: 22956/22956 t=18.508s (check 5.901s)
con-ron: done: parse 0.630s, install 11.977s, check 5.901s, 4 workers t=18.508s
con-ron: accepted 23675 declarations (--verified)
